[0.000s] Invoking command in '/home/lee/workspace/ros2_ex/build/MAV': CMAKE_PREFIX_PATH=/home/lee/workspace/ros2_ex/install/px4_msgs:/home/lee/workspace/ros2_ex/install/sensor:/home/lee/workspace/ros2_ex/install/ground:/home/lee/workspace/ros2_ex/install/MAV4:/home/lee/workspace/ros2_ex/install/MAV3:/home/lee/workspace/ros2_ex/install/MAV2:/home/lee/workspace/ros2_ex/install/MAV1:/home/lee/workspace/ros2_ex/install/MAV:/home/lee/workspace/vrpn/vrpn_optitrack/install/vrpn_mocap:/opt/ros/humble /usr/bin/cmake --build /home/lee/workspace/ros2_ex/build/MAV -- -j32 -l32
[0.001s] [35m[1mConsolidate compiler generated dependencies of target mav3[0m
[0.001s] [ 25%] Built target mav1
[0.001s] [ 37%] [32mBuilding CXX object CMakeFiles/mav2.dir/node/mav2.cpp.o[0m
[0.001s] [ 50%] [32mBuilding CXX object CMakeFiles/mav4.dir/node/mav4.cpp.o[0m
[0.001s] [ 62%] [32mBuilding CXX object CMakeFiles/mav3.dir/node/mav3.cpp.o[0m
[15.601s] [ 75%] [32m[1mLinking CXX executable mav4[0m
[15.738s] [ 87%] [32m[1mLinking CXX executable mav2[0m
[15.764s] [100%] [32m[1mLinking CXX executable mav3[0m
[15.893s] [100%] Built target mav4
[15.982s] [100%] Built target mav2
[16.007s] [100%] Built target mav3
[16.012s] Invoked command in '/home/lee/workspace/ros2_ex/build/MAV' returned '0': CMAKE_PREFIX_PATH=/home/lee/workspace/ros2_ex/install/px4_msgs:/home/lee/workspace/ros2_ex/install/sensor:/home/lee/workspace/ros2_ex/install/ground:/home/lee/workspace/ros2_ex/install/MAV4:/home/lee/workspace/ros2_ex/install/MAV3:/home/lee/workspace/ros2_ex/install/MAV2:/home/lee/workspace/ros2_ex/install/MAV1:/home/lee/workspace/ros2_ex/install/MAV:/home/lee/workspace/vrpn/vrpn_optitrack/install/vrpn_mocap:/opt/ros/humble /usr/bin/cmake --build /home/lee/workspace/ros2_ex/build/MAV -- -j32 -l32
[16.014s] Invoking command in '/home/lee/workspace/ros2_ex/build/MAV': CMAKE_PREFIX_PATH=/home/lee/workspace/ros2_ex/install/px4_msgs:/home/lee/workspace/ros2_ex/install/sensor:/home/lee/workspace/ros2_ex/install/ground:/home/lee/workspace/ros2_ex/install/MAV4:/home/lee/workspace/ros2_ex/install/MAV3:/home/lee/workspace/ros2_ex/install/MAV2:/home/lee/workspace/ros2_ex/install/MAV1:/home/lee/workspace/ros2_ex/install/MAV:/home/lee/workspace/vrpn/vrpn_optitrack/install/vrpn_mocap:/opt/ros/humble /usr/bin/cmake --install /home/lee/workspace/ros2_ex/build/MAV
[16.017s] -- Install configuration: "RelWithDebInfo"
[16.017s] -- Execute custom install script
[16.018s] -- Up-to-date symlink: /home/lee/workspace/ros2_ex/install/MAV/lib/MAV/mav1
[16.018s] -- Up-to-date symlink: /home/lee/workspace/ros2_ex/install/MAV/lib/MAV/mav2
[16.018s] -- Up-to-date symlink: /home/lee/workspace/ros2_ex/install/MAV/lib/MAV/mav3
[16.018s] -- Up-to-date symlink: /home/lee/workspace/ros2_ex/install/MAV/lib/MAV/mav4
[16.018s] -- Up-to-date symlink: /home/lee/workspace/ros2_ex/install/MAV/share/MAV/launch/mav_launch.xml
[16.018s] -- Up-to-date symlink: /home/lee/workspace/ros2_ex/install/MAV/share/ament_index/resource_index/package_run_dependencies/MAV
[16.018s] -- Up-to-date symlink: /home/lee/workspace/ros2_ex/install/MAV/share/ament_index/resource_index/parent_prefix_path/MAV
[16.018s] -- Up-to-date symlink: /home/lee/workspace/ros2_ex/install/MAV/share/MAV/environment/ament_prefix_path.sh
[16.018s] -- Up-to-date symlink: /home/lee/workspace/ros2_ex/install/MAV/share/MAV/environment/ament_prefix_path.dsv
[16.018s] -- Up-to-date symlink: /home/lee/workspace/ros2_ex/install/MAV/share/MAV/environment/path.sh
[16.018s] -- Up-to-date symlink: /home/lee/workspace/ros2_ex/install/MAV/share/MAV/environment/path.dsv
[16.018s] -- Up-to-date symlink: /home/lee/workspace/ros2_ex/install/MAV/share/MAV/local_setup.bash
[16.018s] -- Up-to-date symlink: /home/lee/workspace/ros2_ex/install/MAV/share/MAV/local_setup.sh
[16.018s] -- Up-to-date symlink: /home/lee/workspace/ros2_ex/install/MAV/share/MAV/local_setup.zsh
[16.018s] -- Up-to-date symlink: /home/lee/workspace/ros2_ex/install/MAV/share/MAV/local_setup.dsv
[16.018s] -- Symlinking: /home/lee/workspace/ros2_ex/install/MAV/share/MAV/package.dsv
[16.023s] -- Up-to-date symlink: /home/lee/workspace/ros2_ex/install/MAV/share/ament_index/resource_index/packages/MAV
[16.023s] -- Up-to-date symlink: /home/lee/workspace/ros2_ex/install/MAV/share/MAV/cmake/MAVConfig.cmake
[16.023s] -- Up-to-date symlink: /home/lee/workspace/ros2_ex/install/MAV/share/MAV/cmake/MAVConfig-version.cmake
[16.023s] -- Up-to-date symlink: /home/lee/workspace/ros2_ex/install/MAV/share/MAV/package.xml
[16.024s] Invoked command in '/home/lee/workspace/ros2_ex/build/MAV' returned '0': CMAKE_PREFIX_PATH=/home/lee/workspace/ros2_ex/install/px4_msgs:/home/lee/workspace/ros2_ex/install/sensor:/home/lee/workspace/ros2_ex/install/ground:/home/lee/workspace/ros2_ex/install/MAV4:/home/lee/workspace/ros2_ex/install/MAV3:/home/lee/workspace/ros2_ex/install/MAV2:/home/lee/workspace/ros2_ex/install/MAV1:/home/lee/workspace/ros2_ex/install/MAV:/home/lee/workspace/vrpn/vrpn_optitrack/install/vrpn_mocap:/opt/ros/humble /usr/bin/cmake --install /home/lee/workspace/ros2_ex/build/MAV
