[ 25%] Built target mav1
[ 50%] Built target mav4
[ 75%] Built target mav3
[100%] Built target mav2
-- Install configuration: ""
-- Up-to-date: /home/lee/workspace/ros2_ex/install/mav/lib/mav/mav1
-- Up-to-date: /home/lee/workspace/ros2_ex/install/mav/lib/mav/mav2
-- Up-to-date: /home/lee/workspace/ros2_ex/install/mav/lib/mav/mav3
-- Up-to-date: /home/lee/workspace/ros2_ex/install/mav/lib/mav/mav4
-- Up-to-date: /home/lee/workspace/ros2_ex/install/mav/share/mav/launch
-- Up-to-date: /home/lee/workspace/ros2_ex/install/mav/share/mav/launch/mav_launch.xml
-- Up-to-date: /home/lee/workspace/ros2_ex/install/mav/share/ament_index/resource_index/package_run_dependencies/mav
-- Up-to-date: /home/lee/workspace/ros2_ex/install/mav/share/ament_index/resource_index/parent_prefix_path/mav
-- Up-to-date: /home/lee/workspace/ros2_ex/install/mav/share/mav/environment/ament_prefix_path.sh
-- Up-to-date: /home/lee/workspace/ros2_ex/install/mav/share/mav/environment/ament_prefix_path.dsv
-- Up-to-date: /home/lee/workspace/ros2_ex/install/mav/share/mav/environment/path.sh
-- Up-to-date: /home/lee/workspace/ros2_ex/install/mav/share/mav/environment/path.dsv
-- Up-to-date: /home/lee/workspace/ros2_ex/install/mav/share/mav/local_setup.bash
-- Up-to-date: /home/lee/workspace/ros2_ex/install/mav/share/mav/local_setup.sh
-- Up-to-date: /home/lee/workspace/ros2_ex/install/mav/share/mav/local_setup.zsh
-- Up-to-date: /home/lee/workspace/ros2_ex/install/mav/share/mav/local_setup.dsv
-- Installing: /home/lee/workspace/ros2_ex/install/mav/share/mav/package.dsv
-- Up-to-date: /home/lee/workspace/ros2_ex/install/mav/share/ament_index/resource_index/packages/mav
-- Up-to-date: /home/lee/workspace/ros2_ex/install/mav/share/mav/cmake/mavConfig.cmake
-- Up-to-date: /home/lee/workspace/ros2_ex/install/mav/share/mav/cmake/mavConfig-version.cmake
-- Up-to-date: /home/lee/workspace/ros2_ex/install/mav/share/mav/package.xml
