[0.000s] Invoking command in '/home/lee/workspace/ros2_ex/build/MAV': CMAKE_PREFIX_PATH=/home/lee/workspace/ros2_ex/install/px4_msgs:/home/lee/workspace/ros2_ex/install/sensor:/home/lee/workspace/ros2_ex/install/ground:/home/lee/workspace/ros2_ex/install/MAV4:/home/lee/workspace/ros2_ex/install/MAV3:/home/lee/workspace/ros2_ex/install/MAV2:/home/lee/workspace/ros2_ex/install/MAV1:/home/lee/workspace/ros2_ex/install/MAV:/home/lee/workspace/vrpn/vrpn_optitrack/install/vrpn_mocap:/opt/ros/humble /usr/bin/cmake --build /home/lee/workspace/ros2_ex/build/MAV -- -j32 -l32
[0.001s] [35m[1mConsolidate compiler generated dependencies of target mav1[0m
[0.001s] [35m[1mConsolidate compiler generated dependencies of target mav2[0m
[0.001s] [ 25%] Built target mav1
[0.001s] [ 37%] [32mBuilding CXX object CMakeFiles/mav3.dir/node/mav3.cpp.o[0m
[0.001s] [ 50%] [32mBuilding CXX object CMakeFiles/mav4.dir/node/mav4.cpp.o[0m
[0.001s] [ 75%] Built target mav2
[1.449s] [01m[K/home/lee/workspace/ros2_ex/src/MAV/node/mav3.cpp:[m[K In member function ‘[01m[Kvoid MAVControl_Node::T_cmd_calculate()[m[K’:
[1.449s] [01m[K/home/lee/workspace/ros2_ex/src/MAV/node/mav3.cpp:136:15:[m[K [01;35m[Kwarning: [m[Kunused variable ‘[01m[Kthrust[m[K’ [[01;35m[K]8;;https://gcc.gnu.org/onlinedocs/gcc/Warning-Options.html#index-Wunused-variable-Wunused-variable]8;;[m[K]
[1.449s]   136 |        double [01;35m[Kthrust[m[K = T_cmd_.data[0];
[1.449s]       |               [01;35m[K^~~~~~[m[K
[1.462s] [01m[K/home/lee/workspace/ros2_ex/src/MAV/node/mav4.cpp:[m[K In member function ‘[01m[Kvoid MAVControl_Node::T_cmd_calculate()[m[K’:
[1.462s] [01m[K/home/lee/workspace/ros2_ex/src/MAV/node/mav4.cpp:137:15:[m[K [01;35m[Kwarning: [m[Kunused variable ‘[01m[Kthrust[m[K’ [[01;35m[K]8;;https://gcc.gnu.org/onlinedocs/gcc/Warning-Options.html#index-Wunused-variable-Wunused-variable]8;;[m[K]
[1.462s]   137 |        double [01;35m[Kthrust[m[K = T_cmd_.data[0];
[1.462s]       |               [01;35m[K^~~~~~[m[K
[13.678s] [ 87%] [32m[1mLinking CXX executable mav3[0m
[13.691s] [100%] [32m[1mLinking CXX executable mav4[0m
[13.906s] [100%] Built target mav3
[13.922s] [100%] Built target mav4
[13.928s] Invoked command in '/home/lee/workspace/ros2_ex/build/MAV' returned '0': CMAKE_PREFIX_PATH=/home/lee/workspace/ros2_ex/install/px4_msgs:/home/lee/workspace/ros2_ex/install/sensor:/home/lee/workspace/ros2_ex/install/ground:/home/lee/workspace/ros2_ex/install/MAV4:/home/lee/workspace/ros2_ex/install/MAV3:/home/lee/workspace/ros2_ex/install/MAV2:/home/lee/workspace/ros2_ex/install/MAV1:/home/lee/workspace/ros2_ex/install/MAV:/home/lee/workspace/vrpn/vrpn_optitrack/install/vrpn_mocap:/opt/ros/humble /usr/bin/cmake --build /home/lee/workspace/ros2_ex/build/MAV -- -j32 -l32
[13.929s] Invoking command in '/home/lee/workspace/ros2_ex/build/MAV': CMAKE_PREFIX_PATH=/home/lee/workspace/ros2_ex/install/px4_msgs:/home/lee/workspace/ros2_ex/install/sensor:/home/lee/workspace/ros2_ex/install/ground:/home/lee/workspace/ros2_ex/install/MAV4:/home/lee/workspace/ros2_ex/install/MAV3:/home/lee/workspace/ros2_ex/install/MAV2:/home/lee/workspace/ros2_ex/install/MAV1:/home/lee/workspace/ros2_ex/install/MAV:/home/lee/workspace/vrpn/vrpn_optitrack/install/vrpn_mocap:/opt/ros/humble /usr/bin/cmake --install /home/lee/workspace/ros2_ex/build/MAV
[13.935s] -- Install configuration: "RelWithDebInfo"
[13.935s] -- Execute custom install script
[13.935s] -- Up-to-date symlink: /home/lee/workspace/ros2_ex/install/MAV/lib/MAV/mav1
[13.935s] -- Up-to-date symlink: /home/lee/workspace/ros2_ex/install/MAV/lib/MAV/mav2
[13.935s] -- Up-to-date symlink: /home/lee/workspace/ros2_ex/install/MAV/lib/MAV/mav3
[13.935s] -- Up-to-date symlink: /home/lee/workspace/ros2_ex/install/MAV/lib/MAV/mav4
[13.936s] -- Up-to-date symlink: /home/lee/workspace/ros2_ex/install/MAV/share/MAV/launch/mav_launch.xml
[13.936s] -- Up-to-date symlink: /home/lee/workspace/ros2_ex/install/MAV/share/ament_index/resource_index/package_run_dependencies/MAV
[13.936s] -- Up-to-date symlink: /home/lee/workspace/ros2_ex/install/MAV/share/ament_index/resource_index/parent_prefix_path/MAV
[13.936s] -- Up-to-date symlink: /home/lee/workspace/ros2_ex/install/MAV/share/MAV/environment/ament_prefix_path.sh
[13.936s] -- Up-to-date symlink: /home/lee/workspace/ros2_ex/install/MAV/share/MAV/environment/ament_prefix_path.dsv
[13.936s] -- Up-to-date symlink: /home/lee/workspace/ros2_ex/install/MAV/share/MAV/environment/path.sh
[13.936s] -- Up-to-date symlink: /home/lee/workspace/ros2_ex/install/MAV/share/MAV/environment/path.dsv
[13.936s] -- Up-to-date symlink: /home/lee/workspace/ros2_ex/install/MAV/share/MAV/local_setup.bash
[13.936s] -- Up-to-date symlink: /home/lee/workspace/ros2_ex/install/MAV/share/MAV/local_setup.sh
[13.936s] -- Up-to-date symlink: /home/lee/workspace/ros2_ex/install/MAV/share/MAV/local_setup.zsh
[13.936s] -- Up-to-date symlink: /home/lee/workspace/ros2_ex/install/MAV/share/MAV/local_setup.dsv
[13.936s] -- Symlinking: /home/lee/workspace/ros2_ex/install/MAV/share/MAV/package.dsv
[13.940s] -- Up-to-date symlink: /home/lee/workspace/ros2_ex/install/MAV/share/ament_index/resource_index/packages/MAV
[13.940s] -- Up-to-date symlink: /home/lee/workspace/ros2_ex/install/MAV/share/MAV/cmake/MAVConfig.cmake
[13.940s] -- Up-to-date symlink: /home/lee/workspace/ros2_ex/install/MAV/share/MAV/cmake/MAVConfig-version.cmake
[13.940s] -- Up-to-date symlink: /home/lee/workspace/ros2_ex/install/MAV/share/MAV/package.xml
[13.942s] Invoked command in '/home/lee/workspace/ros2_ex/build/MAV' returned '0': CMAKE_PREFIX_PATH=/home/lee/workspace/ros2_ex/install/px4_msgs:/home/lee/workspace/ros2_ex/install/sensor:/home/lee/workspace/ros2_ex/install/ground:/home/lee/workspace/ros2_ex/install/MAV4:/home/lee/workspace/ros2_ex/install/MAV3:/home/lee/workspace/ros2_ex/install/MAV2:/home/lee/workspace/ros2_ex/install/MAV1:/home/lee/workspace/ros2_ex/install/MAV:/home/lee/workspace/vrpn/vrpn_optitrack/install/vrpn_mocap:/opt/ros/humble /usr/bin/cmake --install /home/lee/workspace/ros2_ex/build/MAV
