[0.000s] Invoking command in '/home/lee/workspace/ros2_ex/build/MAV': CMAKE_PREFIX_PATH=/home/lee/workspace/ros2_ex/install/px4_msgs:/home/lee/workspace/ros2_ex/install/sensor:/home/lee/workspace/ros2_ex/install/ground:/home/lee/workspace/ros2_ex/install/MAV4:/home/lee/workspace/ros2_ex/install/MAV3:/home/lee/workspace/ros2_ex/install/MAV2:/home/lee/workspace/ros2_ex/install/MAV1:/home/lee/workspace/ros2_ex/install/MAV:/home/lee/workspace/vrpn/vrpn_optitrack/install/vrpn_mocap:/opt/ros/humble /usr/bin/cmake --build /home/lee/workspace/ros2_ex/build/MAV -- -j32 -l32
[0.001s] [35m[1mConsolidate compiler generated dependencies of target mav3[0m
[0.001s] [ 25%] Built target mav4
[0.002s] [ 50%] Built target mav1
[0.002s] [ 75%] Built target mav2
[0.002s] [ 87%] [32mBuilding CXX object CMakeFiles/mav3.dir/node/mav3.cpp.o[0m
[13.133s] [100%] [32m[1mLinking CXX executable mav3[0m
[13.345s] [100%] Built target mav3
[13.353s] Invoked command in '/home/lee/workspace/ros2_ex/build/MAV' returned '0': CMAKE_PREFIX_PATH=/home/lee/workspace/ros2_ex/install/px4_msgs:/home/lee/workspace/ros2_ex/install/sensor:/home/lee/workspace/ros2_ex/install/ground:/home/lee/workspace/ros2_ex/install/MAV4:/home/lee/workspace/ros2_ex/install/MAV3:/home/lee/workspace/ros2_ex/install/MAV2:/home/lee/workspace/ros2_ex/install/MAV1:/home/lee/workspace/ros2_ex/install/MAV:/home/lee/workspace/vrpn/vrpn_optitrack/install/vrpn_mocap:/opt/ros/humble /usr/bin/cmake --build /home/lee/workspace/ros2_ex/build/MAV -- -j32 -l32
[13.353s] Invoking command in '/home/lee/workspace/ros2_ex/build/MAV': CMAKE_PREFIX_PATH=/home/lee/workspace/ros2_ex/install/px4_msgs:/home/lee/workspace/ros2_ex/install/sensor:/home/lee/workspace/ros2_ex/install/ground:/home/lee/workspace/ros2_ex/install/MAV4:/home/lee/workspace/ros2_ex/install/MAV3:/home/lee/workspace/ros2_ex/install/MAV2:/home/lee/workspace/ros2_ex/install/MAV1:/home/lee/workspace/ros2_ex/install/MAV:/home/lee/workspace/vrpn/vrpn_optitrack/install/vrpn_mocap:/opt/ros/humble /usr/bin/cmake --install /home/lee/workspace/ros2_ex/build/MAV
[13.357s] -- Install configuration: "RelWithDebInfo"
[13.358s] -- Execute custom install script
[13.358s] -- Up-to-date symlink: /home/lee/workspace/ros2_ex/install/MAV/lib/MAV/mav1
[13.358s] -- Up-to-date symlink: /home/lee/workspace/ros2_ex/install/MAV/lib/MAV/mav2
[13.358s] -- Up-to-date symlink: /home/lee/workspace/ros2_ex/install/MAV/lib/MAV/mav3
[13.358s] -- Up-to-date symlink: /home/lee/workspace/ros2_ex/install/MAV/lib/MAV/mav4
[13.358s] -- Up-to-date symlink: /home/lee/workspace/ros2_ex/install/MAV/share/MAV/launch/mav_launch.xml
[13.358s] -- Up-to-date symlink: /home/lee/workspace/ros2_ex/install/MAV/share/ament_index/resource_index/package_run_dependencies/MAV
[13.358s] -- Up-to-date symlink: /home/lee/workspace/ros2_ex/install/MAV/share/ament_index/resource_index/parent_prefix_path/MAV
[13.358s] -- Up-to-date symlink: /home/lee/workspace/ros2_ex/install/MAV/share/MAV/environment/ament_prefix_path.sh
[13.358s] -- Up-to-date symlink: /home/lee/workspace/ros2_ex/install/MAV/share/MAV/environment/ament_prefix_path.dsv
[13.358s] -- Up-to-date symlink: /home/lee/workspace/ros2_ex/install/MAV/share/MAV/environment/path.sh
[13.358s] -- Up-to-date symlink: /home/lee/workspace/ros2_ex/install/MAV/share/MAV/environment/path.dsv
[13.358s] -- Up-to-date symlink: /home/lee/workspace/ros2_ex/install/MAV/share/MAV/local_setup.bash
[13.358s] -- Up-to-date symlink: /home/lee/workspace/ros2_ex/install/MAV/share/MAV/local_setup.sh
[13.358s] -- Up-to-date symlink: /home/lee/workspace/ros2_ex/install/MAV/share/MAV/local_setup.zsh
[13.358s] -- Up-to-date symlink: /home/lee/workspace/ros2_ex/install/MAV/share/MAV/local_setup.dsv
[13.358s] -- Symlinking: /home/lee/workspace/ros2_ex/install/MAV/share/MAV/package.dsv
[13.364s] -- Up-to-date symlink: /home/lee/workspace/ros2_ex/install/MAV/share/ament_index/resource_index/packages/MAV
[13.364s] -- Up-to-date symlink: /home/lee/workspace/ros2_ex/install/MAV/share/MAV/cmake/MAVConfig.cmake
[13.364s] -- Up-to-date symlink: /home/lee/workspace/ros2_ex/install/MAV/share/MAV/cmake/MAVConfig-version.cmake
[13.364s] -- Up-to-date symlink: /home/lee/workspace/ros2_ex/install/MAV/share/MAV/package.xml
[13.365s] Invoked command in '/home/lee/workspace/ros2_ex/build/MAV' returned '0': CMAKE_PREFIX_PATH=/home/lee/workspace/ros2_ex/install/px4_msgs:/home/lee/workspace/ros2_ex/install/sensor:/home/lee/workspace/ros2_ex/install/ground:/home/lee/workspace/ros2_ex/install/MAV4:/home/lee/workspace/ros2_ex/install/MAV3:/home/lee/workspace/ros2_ex/install/MAV2:/home/lee/workspace/ros2_ex/install/MAV1:/home/lee/workspace/ros2_ex/install/MAV:/home/lee/workspace/vrpn/vrpn_optitrack/install/vrpn_mocap:/opt/ros/humble /usr/bin/cmake --install /home/lee/workspace/ros2_ex/build/MAV
