[0.000s] Invoking command in '/home/lee/workspace/ros2_ex/build/MAV': CMAKE_PREFIX_PATH=/home/lee/workspace/ros2_ex/install/px4_msgs:/home/lee/workspace/ros2_ex/install/sensor:/home/lee/workspace/ros2_ex/install/ground:/home/lee/workspace/ros2_ex/install/MAV4:/home/lee/workspace/ros2_ex/install/MAV3:/home/lee/workspace/ros2_ex/install/MAV2:/home/lee/workspace/ros2_ex/install/MAV1:/home/lee/workspace/ros2_ex/install/MAV:/home/lee/workspace/vrpn/vrpn_optitrack/install/vrpn_mocap:/opt/ros/humble /usr/bin/cmake --build /home/lee/workspace/ros2_ex/build/MAV -- -j32 -l32
[0.001s] [35m[1mConsolidate compiler generated dependencies of target mav1[0m
[0.001s] [35m[1mConsolidate compiler generated dependencies of target mav3[0m
[0.001s] [35m[1mConsolidate compiler generated dependencies of target mav2[0m
[0.001s] [35m[1mConsolidate compiler generated dependencies of target mav4[0m
[0.002s] [ 12%] [32m[1mLinking CXX executable mav3[0m
[0.002s] [ 25%] [32mBuilding CXX object CMakeFiles/mav1.dir/node/mav1.cpp.o[0m
[0.002s] [ 37%] [32m[1mLinking CXX executable mav4[0m
[0.002s] [ 50%] [32m[1mLinking CXX executable mav2[0m
[0.420s] [ 62%] Built target mav2
[0.475s] [ 75%] Built target mav3
[0.490s] [ 87%] Built target mav4
[1.902s] [01m[K/home/lee/workspace/ros2_ex/src/MAV/node/mav1.cpp:[m[K In constructor ‘[01m[KMAVControl_Node::MAVControl_Node()[m[K’:
[1.902s] [01m[K/home/lee/workspace/ros2_ex/src/MAV/node/mav1.cpp:31:62:[m[K [01;31m[Kerror: [m[K‘[01m[Kqos_profile[m[K’ was not declared in this scope; did you mean ‘[01m[Kqos_profile_pub[m[K’?
[1.902s]    31 |         auto qos_pub = rclcpp::QoS(rclcpp::QoSInitialization([01;31m[Kqos_profile[m[K.history, 5), qos_profile_pub);
[1.902s]       |                                                              [01;31m[K^~~~~~~~~~~[m[K
[1.902s]       |                                                              [32m[Kqos_profile_pub[m[K
[1.944s] [01m[K/home/lee/workspace/ros2_ex/src/MAV/node/mav1.cpp:[m[K In member function ‘[01m[Kvoid MAVControl_Node::T_cmd_calculate()[m[K’:
[1.944s] [01m[K/home/lee/workspace/ros2_ex/src/MAV/node/mav1.cpp:140:15:[m[K [01;35m[Kwarning: [m[Kunused variable ‘[01m[Kthrust[m[K’ [[01;35m[K]8;;https://gcc.gnu.org/onlinedocs/gcc/Warning-Options.html#index-Wunused-variable-Wunused-variable]8;;[m[K]
[1.945s]   140 |        double [01;35m[Kthrust[m[K = T_cmd_.data[0];
[1.945s]       |               [01;35m[K^~~~~~[m[K
[2.475s] gmake[2]: *** [CMakeFiles/mav1.dir/build.make:76: CMakeFiles/mav1.dir/node/mav1.cpp.o] Error 1
[2.475s] gmake[1]: *** [CMakeFiles/Makefile2:143: CMakeFiles/mav1.dir/all] Error 2
[2.475s] gmake: *** [Makefile:146: all] Error 2
[2.477s] Invoked command in '/home/lee/workspace/ros2_ex/build/MAV' returned '2': CMAKE_PREFIX_PATH=/home/lee/workspace/ros2_ex/install/px4_msgs:/home/lee/workspace/ros2_ex/install/sensor:/home/lee/workspace/ros2_ex/install/ground:/home/lee/workspace/ros2_ex/install/MAV4:/home/lee/workspace/ros2_ex/install/MAV3:/home/lee/workspace/ros2_ex/install/MAV2:/home/lee/workspace/ros2_ex/install/MAV1:/home/lee/workspace/ros2_ex/install/MAV:/home/lee/workspace/vrpn/vrpn_optitrack/install/vrpn_mocap:/opt/ros/humble /usr/bin/cmake --build /home/lee/workspace/ros2_ex/build/MAV -- -j32 -l32
