-- Found ament_cmake: 1.3.12 (/opt/ros/humble/share/ament_cmake/cmake)
-- Override CMake install command with custom implementation using symlinks instead of copying resources
-- Found rclcpp: 16.0.15 (/opt/ros/humble/share/rclcpp/cmake)
-- Found rosidl_generator_c: 3.1.7 (/opt/ros/humble/share/rosidl_generator_c/cmake)
-- Found rosidl_adapter: 3.1.7 (/opt/ros/humble/share/rosidl_adapter/cmake)
-- Found rosidl_generator_cpp: 3.1.7 (/opt/ros/humble/share/rosidl_generator_cpp/cmake)
-- Using all available rosidl_typesupport_c: rosidl_typesupport_fastrtps_c;rosidl_typesupport_introspection_c
-- Using all available rosidl_typesupport_cpp: rosidl_typesupport_fastrtps_cpp;rosidl_typesupport_introspection_cpp
-- Found rmw_implementation_cmake: 6.1.2 (/opt/ros/humble/share/rmw_implementation_cmake/cmake)
-- Found rmw_fastrtps_cpp: 6.2.8 (/opt/ros/humble/share/rmw_fastrtps_cpp/cmake)
-- Using RMW implementation 'rmw_fastrtps_cpp' as default
-- Found geometry_msgs: 4.9.0 (/opt/ros/humble/share/geometry_msgs/cmake)
-- Found nav_msgs: 4.9.0 (/opt/ros/humble/share/nav_msgs/cmake)
-- Found tf2: 0.25.16 (/opt/ros/humble/share/tf2/cmake)
-- Found tf2_ros: 0.25.16 (/opt/ros/humble/share/tf2_ros/cmake)
-- Found px4_msgs: 2.0.1 (/home/lee/workspace/ros2_ex/install/px4_msgs/share/px4_msgs/cmake)
-- Found ament_lint_auto: 0.12.14 (/opt/ros/humble/share/ament_lint_auto/cmake)
-- Added test 'cppcheck' to perform static code analysis on C / C++ code
-- Configured cppcheck include dirs: /home/lee/workspace/ros2_ex/src/ground/include;$<BUILD_INTERFACE:/home/lee/workspace/ros2_ex/src/ground/include>
-- Configured cppcheck exclude dirs and/or files: 
-- Added test 'lint_cmake' to check CMake code style
-- Added test 'uncrustify' to check C / C++ code style
-- Configured uncrustify additional arguments: 
-- Added test 'xmllint' to check XML markup files
-- Configuring done
-- Generating done
-- Build files have been written to: /home/lee/workspace/ros2_ex/build/ground
[35m[1mConsolidate compiler generated dependencies of target trajectory_generator[0m
[35m[1mConsolidate compiler generated dependencies of target gripper_controller[0m
[35m[1mConsolidate compiler generated dependencies of target attitude_controller[0m
[35m[1mConsolidate compiler generated dependencies of target keyboard_node[0m
[35m[1mConsolidate compiler generated dependencies of target wrench_mapper[0m
[35m[1mConsolidate compiler generated dependencies of target qc_servo[0m
[35m[1mConsolidate compiler generated dependencies of target position_controller[0m
[35m[1mConsolidate compiler generated dependencies of target platform_topic_tool[0m
[35m[1mConsolidate compiler generated dependencies of target mocap_px4_bridge[0m
[  5%] [32mBuilding CXX object CMakeFiles/gripper_controller.dir/node/gripper_controller.cpp.o[0m
[ 10%] [32mBuilding CXX object CMakeFiles/trajectory_generator.dir/node/trajectory_generator.cpp.o[0m
[ 15%] [32mBuilding CXX object CMakeFiles/wrench_mapper.dir/node/wrench_mapper.cpp.o[0m
[ 21%] [32mBuilding CXX object CMakeFiles/attitude_controller.dir/node/attitude_controller.cpp.o[0m
[ 26%] [32mBuilding CXX object CMakeFiles/qc_servo.dir/node/qc_servo.cpp.o[0m
[ 31%] [32mBuilding CXX object CMakeFiles/platform_topic_tool.dir/src/platform_topic_tool.cpp.o[0m
[ 42%] [32mBuilding CXX object CMakeFiles/keyboard_node.dir/node/keyboard_node.cpp.o[0m
[ 42%] [32mBuilding CXX object CMakeFiles/mocap_px4_bridge.dir/src/mocap_px4_bridge.cpp.o[0m
[ 47%] [32mBuilding CXX object CMakeFiles/position_controller.dir/node/position_controller.cpp.o[0m
[01m[K/home/lee/workspace/ros2_ex/src/ground/node/keyboard_node.cpp:[m[K In function ‘[01m[Kint main(int, char**)[m[K’:
[01m[K/home/lee/workspace/ros2_ex/src/ground/node/keyboard_node.cpp:101:9:[m[K [01;35m[Kwarning: [m[Kvariable ‘[01m[Kc_prev[m[K’ set but not used [[01;35m[K]8;;https://gcc.gnu.org/onlinedocs/gcc/Warning-Options.html#index-Wunused-but-set-variable-Wunused-but-set-variable]8;;[m[K]
  101 |     int [01;35m[Kc_prev[m[K = EOF;
      |         [01;35m[K^~~~~~[m[K
[01m[K/home/lee/workspace/ros2_ex/src/ground/node/qc_servo.cpp:[m[K In constructor ‘[01m[KMAV::MAV(std::shared_ptr<rclcpp::Node>, std::string)[m[K’:
[01m[K/home/lee/workspace/ros2_ex/src/ground/node/qc_servo.cpp:39:14:[m[K [01;35m[Kwarning: [m[Kvariable ‘[01m[Kqos[m[K’ set but not used [[01;35m[K]8;;https://gcc.gnu.org/onlinedocs/gcc/Warning-Options.html#index-Wunused-but-set-variable-Wunused-but-set-variable]8;;[m[K]
   39 |         auto [01;35m[Kqos[m[K = rclcpp::QoS(rclcpp::QoSInitialization(qos_profile.history, 5), qos_profile);
      |              [01;35m[K^~~[m[K
[ 52%] [32m[1mLinking CXX executable gripper_controller[0m
[ 52%] Built target gripper_controller
[ 57%] [32m[1mLinking CXX executable mocap_px4_bridge[0m
[ 63%] [32m[1mLinking CXX executable qc_servo[0m
[ 63%] Built target mocap_px4_bridge
[ 63%] Built target qc_servo
[ 68%] [32m[1mLinking CXX executable position_controller[0m
[ 68%] Built target position_controller
[ 73%] [32m[1mLinking CXX executable keyboard_node[0m
[ 78%] Built target keyboard_node
[ 84%] [32m[1mLinking CXX executable trajectory_generator[0m
[ 84%] Built target trajectory_generator
[ 89%] [32m[1mLinking CXX executable attitude_controller[0m
[ 89%] Built target attitude_controller
[ 94%] [32m[1mLinking CXX executable platform_topic_tool[0m
[ 94%] Built target platform_topic_tool
[100%] [32m[1mLinking CXX executable wrench_mapper[0m
[100%] Built target wrench_mapper
-- Install configuration: "RelWithDebInfo"
-- Execute custom install script
-- Up-to-date symlink: /home/lee/workspace/ros2_ex/install/ground/lib/ground/keyboard_node
-- Up-to-date symlink: /home/lee/workspace/ros2_ex/install/ground/lib/ground/attitude_controller
-- Up-to-date symlink: /home/lee/workspace/ros2_ex/install/ground/lib/ground/gripper_controller
-- Up-to-date symlink: /home/lee/workspace/ros2_ex/install/ground/lib/ground/position_controller
-- Up-to-date symlink: /home/lee/workspace/ros2_ex/install/ground/lib/ground/qc_servo
-- Up-to-date symlink: /home/lee/workspace/ros2_ex/install/ground/lib/ground/wrench_mapper
-- Up-to-date symlink: /home/lee/workspace/ros2_ex/install/ground/lib/ground/trajectory_generator
-- Up-to-date symlink: /home/lee/workspace/ros2_ex/install/ground/lib/ground/platform_topic_tool
-- Up-to-date symlink: /home/lee/workspace/ros2_ex/install/ground/lib/ground/mocap_px4_bridge
-- Up-to-date symlink: /home/lee/workspace/ros2_ex/install/ground/share/ground/launch/ground_launch.xml
-- Up-to-date symlink: /home/lee/workspace/ros2_ex/install/ground/share/ground/launch/topic_tool_launch.xml
-- Up-to-date symlink: /home/lee/workspace/ros2_ex/install/ground/share/ament_index/resource_index/package_run_dependencies/ground
-- Up-to-date symlink: /home/lee/workspace/ros2_ex/install/ground/share/ament_index/resource_index/parent_prefix_path/ground
-- Up-to-date symlink: /home/lee/workspace/ros2_ex/install/ground/share/ground/environment/ament_prefix_path.sh
-- Up-to-date symlink: /home/lee/workspace/ros2_ex/install/ground/share/ground/environment/ament_prefix_path.dsv
-- Up-to-date symlink: /home/lee/workspace/ros2_ex/install/ground/share/ground/environment/path.sh
-- Up-to-date symlink: /home/lee/workspace/ros2_ex/install/ground/share/ground/environment/path.dsv
-- Up-to-date symlink: /home/lee/workspace/ros2_ex/install/ground/share/ground/local_setup.bash
-- Up-to-date symlink: /home/lee/workspace/ros2_ex/install/ground/share/ground/local_setup.sh
-- Up-to-date symlink: /home/lee/workspace/ros2_ex/install/ground/share/ground/local_setup.zsh
-- Up-to-date symlink: /home/lee/workspace/ros2_ex/install/ground/share/ground/local_setup.dsv
-- Symlinking: /home/lee/workspace/ros2_ex/install/ground/share/ground/package.dsv
-- Up-to-date symlink: /home/lee/workspace/ros2_ex/install/ground/share/ament_index/resource_index/packages/ground
-- Up-to-date symlink: /home/lee/workspace/ros2_ex/install/ground/share/ground/cmake/groundConfig.cmake
-- Up-to-date symlink: /home/lee/workspace/ros2_ex/install/ground/share/ground/cmake/groundConfig-version.cmake
-- Up-to-date symlink: /home/lee/workspace/ros2_ex/install/ground/share/ground/package.xml
