[  5%] [32mBuilding CXX object CMakeFiles/gripper_controller.dir/node/gripper_controller.cpp.o[0m
[ 10%] [32mBuilding CXX object CMakeFiles/keyboard_node.dir/src/getch.cpp.o[0m
[ 15%] [32mBuilding CXX object CMakeFiles/platform_topic_tool.dir/src/platform_topic_tool.cpp.o[0m
[ 21%] [32mBuilding CXX object CMakeFiles/position_controller.dir/node/position_controller.cpp.o[0m
[ 26%] [32mBuilding CXX object CMakeFiles/keyboard_node.dir/node/keyboard_node.cpp.o[0m
[ 31%] [32m[1mLinking CXX executable trajectory_generator[0m
[ 36%] [32mBuilding CXX object CMakeFiles/mocap_px4_bridge.dir/src/mocap_px4_bridge.cpp.o[0m
[ 42%] [32m[1mLinking CXX executable qc_servo[0m
[ 47%] [32mBuilding CXX object CMakeFiles/wrench_mapper.dir/node/wrench_mapper.cpp.o[0m
[ 52%] [32m[1mLinking CXX executable attitude_controller[0m
[ 57%] Built target qc_servo
[ 63%] Built target trajectory_generator
[ 68%] Built target attitude_controller
[ 73%] [32m[1mLinking CXX executable keyboard_node[0m
[ 73%] Built target keyboard_node
[ 78%] [32m[1mLinking CXX executable gripper_controller[0m
[ 84%] [32m[1mLinking CXX executable mocap_px4_bridge[0m
[ 84%] Built target gripper_controller
[ 84%] Built target mocap_px4_bridge
[ 89%] [32m[1mLinking CXX executable position_controller[0m
[ 89%] Built target position_controller
[ 94%] [32m[1mLinking CXX executable platform_topic_tool[0m
[ 94%] Built target platform_topic_tool
[100%] [32m[1mLinking CXX executable wrench_mapper[0m
[100%] Built target wrench_mapper
